bun : $ turbo run check-types
At line:1 char:1
+ bun run check-types > typecheck.log 2>&1
+ ~~~~~~~~~~~~~~~~~~~~~~~~~~~~~~~~~~~~~~~~
    + CategoryInfo          : NotSpecified 
   : ($ turbo run check-types:String) [],  
   RemoteException
    + FullyQualifiedErrorId : NativeComman 
   dError
 
ΓÇó turbo 2.8.10
ΓÇó Packages in scope: @soulcanvas/ai-engine, @soulcanvas/api, @soulcanvas/backend, @soulcanvas/database, @soulcanvas/frontend, @soulcanvas/logic, @soulcanvas/typescript-config, @soulcanvas/ui-kit
ΓÇó Running check-types in 8 packages
ΓÇó Remote caching disabled
@soulcanvas/ui-kit:check-types: cache hit, replaying logs 5472e13c56882d90
@soulcanvas/logic:check-types: cache hit, replaying logs 1407fd55041166c8
@soulcanvas/ai-engine:check-types: cache hit, replaying logs ac1f76a465e0d772
@soulcanvas/database:check-types: cache hit, replaying logs b3ddc2b3ee1c13da
@soulcanvas/ai-engine:check-types: [6n[?9001h[?1004h[m]0;C:\Users\HP\.bun\bin\bun.exe[?25h[35m[2m$[m [1m[2mtsc --noEmit
@soulcanvas/ai-engine:check-types: [?9001l[?1004l[22m
@soulcanvas/ui-kit:check-types: [6n[?9001h[?1004h[m]0;C:\Users\HP\.bun\bin\bun.exe[?25h[35m[2m$[m [1m[2mtsc --noEmit
@soulcanvas/ui-kit:check-types: [?9001l[?1004l[22m
@soulcanvas/logic:check-types: [6n[?9001h[?1004h[m]0;C:\Users\HP\.bun\bin\bun.exe[?25h[35m[2m$[m [1m[2mtsc --noEmit
@soulcanvas/logic:check-types: [?9001l[?1004l[22m
@soulcanvas/database:check-types: [6n[?9001h[?1004h[m]0;C:\Users\HP\.bun\bin\bun.exe[?25h[35m[2m$[m [1m[2mtsc --noEmit
@soulcanvas/database:check-types: [?9001l[?1004l[22m
@soulcanvas/api:check-types: cache hit, replaying logs e3b900ff997eab5f
@soulcanvas/api:check-types: [6n[?9001h[?1004h[m]0;C:\Users\HP\.bun\bin\bun.exe[?25h[35m[2m$[m [1m[2mtsc --noEmit
@soulcanvas/api:check-types: [22m[?9001l[?1004l
@soulcanvas/frontend:check-types: cache miss, executing 463c562c80321fbe
@soulcanvas/backend:check-types: cache hit, replaying logs 0202b192489ba053
@soulcanvas/backend:check-types: [6n[?9001h[?1004h[m]0;C:\Users\HP\.bun\bin\bun.exe[?25h[35m[2m$[m [1m[2mtsc --noEmit
@soulcanvas/backend:check-types: [22m[?9001l[?1004l
@soulcanvas/frontend:check-types: $ next typegen && tsc --noEmit
@soulcanvas/frontend:check-types: Generating route types...
@soulcanvas/frontend:check-types: Γ£ô Types generated successfully

 Tasks:    7 successful, 7 total
Cached:    6 cached, 7 total
  Time:    22.773s 

